php : PHP Warning:  
Module "mongodb" is 
already loaded in 
Unknown on line 0
At line:1 char:1
+ php artisan test --fi
lter=AuthenticationTest
 > test_output.txt 2>&1
+ ~~~~~~~~~~~~~~~~~~~~~
~~~~~~~~~~~~~~~~~~~~~~~
~~~~~~~~~~~~~~~~~~~~~~~
    + CategoryInfo     
         : NotSpecifi  
  ed: (PHP Warning:    
  M...known on line    
 0:String) [], Rem    
oteException
    + FullyQualifiedEr 
   rorId : NativeComm  
  andError
 

Warning: Module "mongodb" is already loaded in Unknown on line 0

Warning: Module "mongodb" is already loaded in Unknown on line 0
PHP Warning:  Module "mongodb" is already loaded in Unknown on line 0

   WARN  Metadata found in doc-comment for method Tests\Feature\SystemAuditFixTest::admin_user_stats_are_calculated_correctly(). Metadata in doc-comments is deprecated and will no longer be supported in PHPUnit 12. Update your test code to use attributes instead.

   WARN  Metadata found in doc-comment for method Tests\Feature\SystemAuditFixTest::search_duration_filter_parses_complex_strings(). Metadata in doc-comments is deprecated and will no longer be supported in PHPUnit 12. Update your test code to use attributes instead.

   WARN  Metadata found in doc-comment for method Tests\Feature\SystemAuditFixTest::agency_dashboard_stats_are_correct(). Metadata in doc-comments is deprecated and will no longer be supported in PHPUnit 12. Update your test code to use attributes instead.

   WARN  Metadata found in doc-comment for method Tests\Feature\SystemAuditFixTest::agency_can_create_and_update_package_with_all_fields(). Metadata in doc-comments is deprecated and will no longer be supported in PHPUnit 12. Update your test code to use attributes instead.

   FAIL  Tests\Feature\AuthenticationTest
  Γ¿» user can viΓÇª 0.63s  
  Γ¿» user can viΓÇª 0.03s  
  Γ£ô user cannotΓÇª 0.25s  
  Γ£ô user can loΓÇª 0.05s  
  Γ¿» admin userΓÇª  0.03s  
  Γ£ô regular useΓÇª 0.03s  
  Γ£ô remember meΓÇª 0.03s  
  Γ£ô user can reΓÇª 0.03s  
  Γ£ô registratioΓÇª 0.03s  
  Γ£ô registratioΓÇª 0.03s  
  Γ£ô user can loΓÇª 0.03s  
  Γ£ô authenticatΓÇª 0.03s  
  Γ£ô authenticatΓÇª 0.02s  
  ΓöÇΓöÇΓöÇΓöÇΓöÇΓöÇΓöÇΓöÇΓöÇΓöÇΓöÇΓöÇΓöÇΓöÇΓöÇΓöÇΓöÇΓöÇΓöÇΓöÇ  
   FAILED  Tests\FeaΓÇª   
  Failed asserting that two strings are equal.
--- Expected
+++ Actual
@@ @@
-'auth.login'
+'user.auth.login'

  at tests\Feature\AuthenticationTest.php:20
     16Γûò     public function test_user_can_view_login_page(): void
     17Γûò     {
     18Γûò         $response = $this->get('/login');
     19Γûò         $response->assertStatus(200);
  Γ₧£  20Γûò         $response->assertViewIs('auth.login');
     21Γûò     }
     22Γûò 
     23Γûò     /**
     24Γûò      * Test user can view register page

  ΓöÇΓöÇΓöÇΓöÇΓöÇΓöÇΓöÇΓöÇΓöÇΓöÇΓöÇΓöÇΓöÇΓöÇΓöÇΓöÇΓöÇΓöÇΓöÇΓöÇ  
   FAILED  Tests\FeaΓÇª   
  Failed asserting that two strings are equal.
--- Expected
+++ Actual
@@ @@
-'auth.register'
+'user.auth.register'

  at tests\Feature\AuthenticationTest.php:30
     26Γûò     public function test_user_can_view_register_page(): void
     27Γûò     {
     28Γûò         $response = $this->get('/register');
     29Γûò         $response->assertStatus(200);
  Γ₧£  30Γûò         $response->assertViewIs('auth.register');
     31Γûò     }
     32Γûò 
     33Γûò     /**
     34Γûò      * Test user cannot login with invalid credentials

  ΓöÇΓöÇΓöÇΓöÇΓöÇΓöÇΓöÇΓöÇΓöÇΓöÇΓöÇΓöÇΓöÇΓöÇΓöÇΓöÇΓöÇΓöÇΓöÇΓöÇ  
   FAILED  Tests\FeaΓÇª   
  Failed asserting that two strings are equal.
--- Expected
+++ Actual
@@ @@
-'http://localhost/admin/dashboard'
+'http://localhost/account'

  at tests\Feature\AuthenticationTest.php:83
     79Γûò             'email' => 'admin@example.com',
     80Γûò             'password' => 'password',
     81Γûò         ]);
     82Γûò 
  Γ₧£  83Γûò         $response->assertRedirect(route('admin.dashboard'));
     84Γûò         $this->assertAuthenticatedAs($admin);
     85Γûò     }
     86Γûò 
     87Γûò     /**


  Tests:    3 failed, 10 passed (38 assertions)
  Duration: 1.43s

